testdata/tmp_input
testdata/tmp_input/BadExtension.mov
testdata/tmp_input/many
testdata/tmp_input/many/sub
testdata/tmp_input/many/sub/dirs
testdata/tmp_input/No_Dest.S07E02.mkv
testdata/tmp_input/Too.small.S02E01.mp4
testdata/tmp_input/UnparsableSeries.mkv
testdata/tmp_output
testdata/tmp_output/.gitignore
testdata/tmp_output/Large Enough
testdata/tmp_output/Large Enough/Season 2
testdata/tmp_output/Large Enough/Season 2/.gitignore
testdata/tmp_output/Large Enough/Season 2/Large.Enough.s02e02.mp4
testdata/tmp_output/Real
testdata/tmp_output/Real/Season 1
testdata/tmp_output/Real/Season 1/ALIAS.S01E03.mp4
testdata/tmp_output/Real/Season 1/.gitignore
testdata/tmp_output/Top Level
testdata/tmp_output/Top Level/Season 2
testdata/tmp_output/Top Level/Season 2/.gitignore
testdata/tmp_output/Top Level/Season 2/Top_Level_S02E01.mkv
